// Jest Snapshot v1, https://goo.gl/fbAQLP

exports[`Disable users tests should render 1`] = `
<DisableUser>
  <PageSection>
    <section
      className="pf-c-page__main-section"
    >
      <Card>
        <article
          className="pf-c-card"
          data-ouia-component-id="OUIA-Generated-Card-1"
          data-ouia-component-type="PF4/Card"
          data-ouia-safe={true}
          id=""
        >
          <CardTitle
            className="text-uppercase"
          >
            <div
              className="pf-c-card__title text-uppercase"
            >
               Disable User and Clean Build Queue 
            </div>
          </CardTitle>
          <CardBody>
            <div
              className="pf-c-card__body"
            >
              <Form
                id="enable-user-form"
              >
                <form
                  className="pf-c-form"
                  id="enable-user-form"
                  noValidate={true}
                >
                  <FormGroup
                    fieldId="disable-username"
                    isRequired={true}
                    label="Username"
                  >
                    <div
                      className="pf-c-form__group"
                    >
                      <div
                        className="pf-c-form__group-label"
                      >
                        <label
                          className="pf-c-form__label"
                          htmlFor="disable-username"
                        >
                          <span
                            className="pf-c-form__label-text"
                          >
                            Username
                          </span>
                          <span
                            aria-hidden="true"
                            className="pf-c-form__label-required"
                          >
                             
                            *
                          </span>
                        </label>
                         
                      </div>
                      <div
                        className="pf-c-form__group-control"
                      >
                        <TextInput
                          id="disable-username"
                          isRequired={true}
                          name="disable-username"
                          onChange={[Function]}
                          placeholder="Username"
                          type="text"
                          value=""
                        >
                          <TextInputBase
                            aria-label={null}
                            className=""
                            id="disable-username"
                            innerRef={null}
                            isDisabled={false}
                            isLeftTruncated={false}
                            isReadOnly={false}
                            isRequired={true}
                            name="disable-username"
                            onChange={[Function]}
                            ouiaSafe={true}
                            placeholder="Username"
                            type="text"
                            validated="default"
                            value=""
                          >
                            <input
                              aria-invalid={false}
                              aria-label={null}
                              className="pf-c-form-control"
                              data-ouia-component-id="OUIA-Generated-TextInputBase-1"
                              data-ouia-component-type="PF4/TextInput"
                              data-ouia-safe={true}
                              disabled={false}
                              id="disable-username"
                              name="disable-username"
                              onBlur={[Function]}
                              onChange={[Function]}
                              onFocus={[Function]}
                              placeholder="Username"
                              readOnly={false}
                              required={true}
                              type="text"
                              value=""
                            />
                          </TextInputBase>
                        </TextInput>
                      </div>
                    </div>
                  </FormGroup>
                  <FormGroup
                    fieldId="queue"
                    isRequired={true}
                    label="queue"
                  >
                    <div
                      className="pf-c-form__group"
                    >
                      <div
                        className="pf-c-form__group-label"
                      >
                        <label
                          className="pf-c-form__label"
                          htmlFor="queue"
                        >
                          <span
                            className="pf-c-form__label-text"
                          >
                            queue
                          </span>
                          <span
                            aria-hidden="true"
                            className="pf-c-form__label-required"
                          >
                             
                            *
                          </span>
                        </label>
                         
                      </div>
                      <div
                        className="pf-c-form__group-control"
                      >
                        <TextInput
                          id="queue"
                          isRequired={true}
                          name="queue"
                          onChange={[Function]}
                          placeholder="Queue"
                          type="text"
                          value=""
                        >
                          <TextInputBase
                            aria-label={null}
                            className=""
                            id="queue"
                            innerRef={null}
                            isDisabled={false}
                            isLeftTruncated={false}
                            isReadOnly={false}
                            isRequired={true}
                            name="queue"
                            onChange={[Function]}
                            ouiaSafe={true}
                            placeholder="Queue"
                            type="text"
                            validated="default"
                            value=""
                          >
                            <input
                              aria-invalid={false}
                              aria-label={null}
                              className="pf-c-form-control"
                              data-ouia-component-id="OUIA-Generated-TextInputBase-2"
                              data-ouia-component-type="PF4/TextInput"
                              data-ouia-safe={true}
                              disabled={false}
                              id="queue"
                              name="queue"
                              onBlur={[Function]}
                              onChange={[Function]}
                              onFocus={[Function]}
                              placeholder="Queue"
                              readOnly={false}
                              required={true}
                              type="text"
                              value=""
                            />
                          </TextInputBase>
                        </TextInput>
                      </div>
                    </div>
                  </FormGroup>
                  <ActionGroup>
                    <div
                      className="pf-c-form__group pf-m-action"
                    >
                      <div
                        className="pf-c-form__group-control"
                      >
                        <div
                          className="pf-c-form__actions"
                        >
                          <Button
                            id="disable-user-submit"
                            onClick={[Function]}
                            variant="primary"
                          >
                            <ButtonBase
                              id="disable-user-submit"
                              innerRef={null}
                              onClick={[Function]}
                              variant="primary"
                            >
                              <button
                                aria-disabled={false}
                                aria-label={null}
                                className="pf-c-button pf-m-primary"
                                data-ouia-component-id="OUIA-Generated-Button-primary-1"
                                data-ouia-component-type="PF4/Button"
                                data-ouia-safe={true}
                                disabled={false}
                                id="disable-user-submit"
                                onClick={[Function]}
                                role={null}
                                type="button"
                              >
                                Disable User
                              </button>
                            </ButtonBase>
                          </Button>
                        </div>
                      </div>
                    </div>
                  </ActionGroup>
                </form>
              </Form>
            </div>
          </CardBody>
        </article>
      </Card>
    </section>
  </PageSection>
</DisableUser>
`;

exports[`Enable users tests should render 1`] = `
<DisableUser>
  <PageSection>
    <section
      className="pf-c-page__main-section"
    >
      <Card>
        <article
          className="pf-c-card"
          data-ouia-component-id="OUIA-Generated-Card-1"
          data-ouia-component-type="PF4/Card"
          data-ouia-safe={true}
          id=""
        >
          <CardTitle
            className="text-uppercase"
          >
            <div
              className="pf-c-card__title text-uppercase"
            >
               Disable User and Clean Build Queue 
            </div>
          </CardTitle>
          <CardBody>
            <div
              className="pf-c-card__body"
            >
              <Form
                id="enable-user-form"
              >
                <form
                  className="pf-c-form"
                  id="enable-user-form"
                  noValidate={true}
                >
                  <FormGroup
                    fieldId="disable-username"
                    isRequired={true}
                    label="Username"
                  >
                    <div
                      className="pf-c-form__group"
                    >
                      <div
                        className="pf-c-form__group-label"
                      >
                        <label
                          className="pf-c-form__label"
                          htmlFor="disable-username"
                        >
                          <span
                            className="pf-c-form__label-text"
                          >
                            Username
                          </span>
                          <span
                            aria-hidden="true"
                            className="pf-c-form__label-required"
                          >
                             
                            *
                          </span>
                        </label>
                         
                      </div>
                      <div
                        className="pf-c-form__group-control"
                      >
                        <TextInput
                          id="disable-username"
                          isRequired={true}
                          name="disable-username"
                          onChange={[Function]}
                          placeholder="Username"
                          type="text"
                          value=""
                        >
                          <TextInputBase
                            aria-label={null}
                            className=""
                            id="disable-username"
                            innerRef={null}
                            isDisabled={false}
                            isLeftTruncated={false}
                            isReadOnly={false}
                            isRequired={true}
                            name="disable-username"
                            onChange={[Function]}
                            ouiaSafe={true}
                            placeholder="Username"
                            type="text"
                            validated="default"
                            value=""
                          >
                            <input
                              aria-invalid={false}
                              aria-label={null}
                              className="pf-c-form-control"
                              data-ouia-component-id="OUIA-Generated-TextInputBase-1"
                              data-ouia-component-type="PF4/TextInput"
                              data-ouia-safe={true}
                              disabled={false}
                              id="disable-username"
                              name="disable-username"
                              onBlur={[Function]}
                              onChange={[Function]}
                              onFocus={[Function]}
                              placeholder="Username"
                              readOnly={false}
                              required={true}
                              type="text"
                              value=""
                            />
                          </TextInputBase>
                        </TextInput>
                      </div>
                    </div>
                  </FormGroup>
                  <FormGroup
                    fieldId="queue"
                    isRequired={true}
                    label="queue"
                  >
                    <div
                      className="pf-c-form__group"
                    >
                      <div
                        className="pf-c-form__group-label"
                      >
                        <label
                          className="pf-c-form__label"
                          htmlFor="queue"
                        >
                          <span
                            className="pf-c-form__label-text"
                          >
                            queue
                          </span>
                          <span
                            aria-hidden="true"
                            className="pf-c-form__label-required"
                          >
                             
                            *
                          </span>
                        </label>
                         
                      </div>
                      <div
                        className="pf-c-form__group-control"
                      >
                        <TextInput
                          id="queue"
                          isRequired={true}
                          name="queue"
                          onChange={[Function]}
                          placeholder="Queue"
                          type="text"
                          value=""
                        >
                          <TextInputBase
                            aria-label={null}
                            className=""
                            id="queue"
                            innerRef={null}
                            isDisabled={false}
                            isLeftTruncated={false}
                            isReadOnly={false}
                            isRequired={true}
                            name="queue"
                            onChange={[Function]}
                            ouiaSafe={true}
                            placeholder="Queue"
                            type="text"
                            validated="default"
                            value=""
                          >
                            <input
                              aria-invalid={false}
                              aria-label={null}
                              className="pf-c-form-control"
                              data-ouia-component-id="OUIA-Generated-TextInputBase-2"
                              data-ouia-component-type="PF4/TextInput"
                              data-ouia-safe={true}
                              disabled={false}
                              id="queue"
                              name="queue"
                              onBlur={[Function]}
                              onChange={[Function]}
                              onFocus={[Function]}
                              placeholder="Queue"
                              readOnly={false}
                              required={true}
                              type="text"
                              value=""
                            />
                          </TextInputBase>
                        </TextInput>
                      </div>
                    </div>
                  </FormGroup>
                  <ActionGroup>
                    <div
                      className="pf-c-form__group pf-m-action"
                    >
                      <div
                        className="pf-c-form__group-control"
                      >
                        <div
                          className="pf-c-form__actions"
                        >
                          <Button
                            id="disable-user-submit"
                            onClick={[Function]}
                            variant="primary"
                          >
                            <ButtonBase
                              id="disable-user-submit"
                              innerRef={null}
                              onClick={[Function]}
                              variant="primary"
                            >
                              <button
                                aria-disabled={false}
                                aria-label={null}
                                className="pf-c-button pf-m-primary"
                                data-ouia-component-id="OUIA-Generated-Button-primary-1"
                                data-ouia-component-type="PF4/Button"
                                data-ouia-safe={true}
                                disabled={false}
                                id="disable-user-submit"
                                onClick={[Function]}
                                role={null}
                                type="button"
                              >
                                Disable User
                              </button>
                            </ButtonBase>
                          </Button>
                        </div>
                      </div>
                    </div>
                  </ActionGroup>
                </form>
              </Form>
            </div>
          </CardBody>
        </article>
      </Card>
    </section>
  </PageSection>
</DisableUser>
`;
